========================================
INTEL ACRN PRE-INSTALLATION CHECK
========================================
Check Date: 2025-10-17 18:16:42
Hostname: AMS764973

========================================
1. CPU VENDOR CHECK
========================================
✓ PASS: Intel CPU detected
model name	: Intel(R) Atom(TM) CPU  C2750  @ 2.40GHz

========================================
2. VIRTUALIZATION SUPPORT (VT-x)
========================================
✗ FAIL: VT-x (vmx) flag NOT found
   Enable VT-x in BIOS

========================================
3. IOMMU/VT-d SUPPORT
========================================
✓ PASS: IOMMU enabled
[    1.650068] DMAR: IOMMU enabled

========================================
4. CPU CORES AVAILABILITY
========================================
Total CPUs: 4
✓ PASS: Sufficient CPUs for ACRN (minimum 4 recommended)
   Recommended allocation:
   - Service VM (SOS): CPUs 0-1
   - RT VM (UOS): CPUs 2-3
   - GPOS VM (UOS): CPUs 4-7

========================================
5. MEMORY AVAILABILITY
========================================
Total Memory: 3 GB
✗ FAIL: Insufficient memory (3 GB)
   4GB minimum, 8GB+ recommended

========================================
6. KERNEL VERSION
========================================
Current kernel: 6.8.0-85-generic
✓ PASS: Kernel version compatible (5.4+ recommended)

========================================
7. DISK SPACE
========================================
Available space on /: 217 GB
✓ PASS: Sufficient disk space

========================================
8. NETWORK INTERFACES
========================================
Network interfaces: 2
2: enp0s20f0: <BROADCAST,MULTICAST,UP,LOWER_UP> mtu 1500 qdisc mq state UP mode DEFAULT group default qlen 1000
3: enp0s20f1: <BROADCAST,MULTICAST,UP,LOWER_UP> mtu 9000 qdisc mq state UP mode DEFAULT group default qlen 1000

✓ PASS: Multiple NICs available for passthrough

========================================
9. REQUIRED PACKAGES
========================================
Checking for build dependencies...
  ✗ build-essential (missing)
  ✓ git
  ✗ make (missing)
  ✓ gcc
  ✗ libssl-dev (missing)
  ✗ libpciaccess-dev (missing)
  ✗ uuid-dev (missing)
  ✗ libsystemd-dev (missing)
  ✗ libevent-dev (missing)
  ✗ libxml2-dev (missing)
  ✗ libusb-1.0-0-dev (missing)
  ✓ python3
  ✗ python3-pip (missing)
⚠ WARNING: 10 package(s) missing
   Install with: sudo apt install build-essential make libssl-dev libpciaccess-dev uuid-dev libsystemd-dev libevent-dev libxml2-dev libusb-1.0-0-dev python3-pip

========================================
10. EXISTING HYPERVISORS
========================================
Checking for conflicting hypervisors...
⚠ Xen hypervisor is currently running
   Note: Cannot run ACRN and Xen simultaneously
⚠ WARNING: 1 potential conflict(s) found

========================================
SUMMARY
========================================
Passed:   6
Warnings: 2
Failed:   2

Score: 60%

✗✗✗ SYSTEM NOT READY - FIX CRITICAL ISSUES ✗✗✗

Address failed checks before proceeding

