========================================
CPU ISOLATION VERIFICATION
========================================
Verification Date: 2025-10-17 17:32:47
Hostname: AMS764973

========================================
KERNEL COMMAND LINE
========================================
root=UUID=71585093-3411-406f-9bcf-dbbec33a3b2c ro intel_iommu=on iommu=pt isolcpus=4-7 nohz_full=4-7 rcu_nocbs=4-7 nosoftlockup nohz=on rcu_nocb_poll idle=poll processor.max_cstate=1 intel_idle.max_cstate=0 intel_pstate=disable tsc=reliable clocksource=tsc

Checking for isolation parameters...
✓ isolcpus parameter found
isolcpus=4-7
✓ nohz_full parameter found
nohz_full=4-7
✓ rcu_nocbs parameter found
rcu_nocbs=4-7

========================================
ISOLATED CPUS (from sysfs)
========================================
⚠ No CPUs isolated (file exists but empty)

========================================
NO_HZ FULL CPUS
========================================
✓ NO_HZ full CPUs: (null)

========================================
CPU ONLINE STATUS
========================================
CPU 1: Online
CPU 2: Online
CPU 3: Online

========================================
PROCESS COUNT PER CPU
========================================
Sleeping 2 seconds to gather data...
CPU 0: 74 threads
CPU 1: 59 threads
CPU 2: 62 threads
CPU 3: 72 threads

NOTE: Isolated CPUs should have minimal thread count

========================================
TOP PROCESSES ON ISOLATED CPUS
========================================
No isolated CPUs detected

========================================
SCHEDULER INFORMATION
========================================
Scheduler debug info available
total 0
drwxr-xr-x  3 root root 0 Oct 17 16:51 .
drwx------ 45 root root 0 Oct 17 16:51 ..
-rw-r--r--  1 root root 0 Oct 17 16:51 base_slice_ns
-r--r--r--  1 root root 0 Oct 17 16:51 debug
-rw-r--r--  1 root root 0 Oct 17 16:51 features
-rw-r--r--  1 root root 0 Oct 17 16:51 latency_warn_ms
-rw-r--r--  1 root root 0 Oct 17 16:51 latency_warn_once
-rw-r--r--  1 root root 0 Oct 17 16:51 migration_cost_ns
-rw-r--r--  1 root root 0 Oct 17 16:51 nr_migrate
drwxr-xr-x  2 root root 0 Oct 17 16:51 numa_balancing
-rw-r--r--  1 root root 0 Oct 17 16:51 preempt
-rw-r--r--  1 root root 0 Oct 17 16:51 tunable_scaling
-rw-r--r--  1 root root 0 Oct 17 16:51 verbose

========================================
CLOCKSOURCE
========================================
Current: tsc
Available: tsc xen 

========================================
TIMER TICK MODE
========================================
No nohz info in cpufreq

========================================
VERIFICATION SUMMARY
========================================
✓ PASS: isolcpus parameter present
✓ PASS: nohz_full parameter present
✓ PASS: rcu_nocbs parameter present
⚠ NOTE: Dom0 doesn't show isolated CPUs in sysfs (this is expected in Xen)
  Isolation is handled by Xen hypervisor for guest VMs

Results: 3 passed, 0 failed
✓✓✓ ALL CHECKS PASSED ✓✓✓

