========================================
IRQ AFFINITY VERIFICATION
========================================
Verification Date: 2025-10-17 18:09:50
Hostname: AMS764973

========================================
SYSTEM CPU INFORMATION
========================================
Total CPUs visible to this system: 4

Running under Xen hypervisor (Dom0)
Dom0 vCPUs: 8

NOTE: In Dom0, IRQ affinity is managed for Dom0 vCPUs only.
      Guest VMs will have their own IRQ handling.

========================================
IRQBALANCE SERVICE STATUS
========================================
✓ irqbalance is not active (good for RT)

========================================
IRQ AFFINITY SYSTEMD SERVICE
========================================
✓ IRQ affinity service file exists

Service status:
● set-irq-affinity.service - IRQ Affinity Configuration for RT Hypervisor
     Loaded: loaded (/etc/systemd/system/set-irq-affinity.service; enabled; preset: enabled)
     Active: active (exited) since Fri 2025-10-17 18:08:48 UTC; 1min 2s ago
    Process: 20887 ExecStart=/usr/local/bin/set_irq_affinity.sh (code=exited, status=0/SUCCESS)
   Main PID: 20887 (code=exited, status=0/SUCCESS)
        CPU: 1.375s

Oct 17 18:08:48 AMS764973 set_irq_affinity.sh[20887]: Skipped: 0
Oct 17 18:08:48 AMS764973 set_irq_affinity.sh[20887]: Verification (first 5 IRQs):
Oct 17 18:08:48 AMS764973 set_irq_affinity.sh[20887]:   IRQ 10: CPU 0-3

========================================
IRQ AFFINITY SCRIPT
========================================
✓ IRQ affinity script installed at /usr/local/bin/set_irq_affinity.sh

Script configuration:
HOUSEKEEPING_CPUS="0,1,2,3"
HOUSEKEEPING_MASK="0f"

========================================
CURRENT IRQ DISTRIBUTION
========================================
IRQs per CPU (top 10 most active):

IRQ Number | CPU Affinity | IRQ Name
-----------|--------------|----------
         1 |            f | (unknown)
        10 |            f | (unknown)
        11 |            f | (unknown)
        12 |            f | (unknown)
        13 |            f | (unknown)
        14 |            f | (unknown)
        15 |            f | (unknown)
        18 |            f | (unknown)
         2 |            f | (unknown)
        23 |            f | (unknown)
        24 |            1 | (unknown)
        25 |            1 | (unknown)
        26 |            1 | (unknown)
        27 |            1 | (unknown)
        28 |            1 | (unknown)
        29 |            1 | (unknown)
         3 |            f | (unknown)
        30 |            2 | (unknown)
        31 |            2 | (unknown)
        32 |            2 | (unknown)

NOTE: Affinity is shown as hexadecimal bitmask
      0x0f = CPUs 0,1,2,3
      0xff = CPUs 0-7

========================================
IRQ COUNTS (Current Activity)
========================================
Top 15 most active IRQs:
           CPU0       CPU1       CPU2       CPU3       
 24:    4699867          0          0          0  xen-percpu    -virq      timer0
 55:      43410          0          0        626  xen-pirq    -msi-x     enp0s20f0-rx-0
 28:      30828          0          0          0  xen-percpu    -ipi       callfuncsingle0
 59:      23025          0          0       1090  xen-pirq    -msi-x     enp0s20f0-tx-0
 27:       5240          0          0          0  xen-percpu    -ipi       callfunc0
 26:       4058          0          0          0  xen-percpu    -ipi       resched0
 71:       2313          0          0         33  xen-pirq    -msi-x     enp0s20f1-tx-3
 67:       2305          0          0         33  xen-pirq    -msi-x     enp0s20f1-rx-3
 52:        221          0          0      19562  xen-pirq    -msi       ahci[0000:00:18.0]
 64:         67       4614          0          0  xen-pirq    -msi-x     enp0s20f1-rx-0
 60:         64       4214          0          0  xen-pirq    -msi-x     enp0s20f0-tx-1
 56:         63       4357          0          0  xen-pirq    -msi-x     enp0s20f0-rx-1
 68:         33       2315          0          0  xen-pirq    -msi-x     enp0s20f1-tx-0
 29:         16          0          0          0  xen-percpu    -ipi       irqwork0
  9:          0          0          0       2234  xen-pirq    -ioapic-level  acpi

========================================
HARDWARE IRQs (cannot be moved)
========================================
Some IRQs are locked to specific CPUs by hardware:

  (No obviously locked IRQs detected - some may still fail to move)

========================================
CPU ISOLATION vs IRQ AFFINITY
========================================
No CPUs isolated at kernel level (expected in Xen Dom0)
Isolation parameters in kernel cmdline:
isolcpus=4-7
nohz_full=4-7
rcu_nocbs=4-7

IRQ affinity should route interrupts AWAY from isolated CPUs
In Xen Dom0, IRQs are managed for Dom0 vCPUs, not physical CPUs

========================================
VERIFICATION SUMMARY
========================================
✓ PASS: irqbalance is not running
✓ PASS: IRQ affinity service is installed
✓ PASS: IRQ affinity service is enabled
✓ PASS: IRQ affinity script is installed

Results: 4 passed, 0 warnings, 0 failed
✓✓✓ IRQ AFFINITY PROPERLY CONFIGURED ✓✓✓

