📋 Current boot status:
   Currently running: Xen hypervisor
xen_version            : 4.17.4-pre
xen_caps               : xen-3.0-x86_64 hvm-3.0-x86_32 hvm-3.0-x86_32p hvm-3.0-x86_64 

🔧 Backing up current GRUB configuration...
   ✓ Backup created

🔧 Setting GRUB to boot regular Ubuntu kernel...
   ✓ GRUB_DEFAULT set to 0 (regular Ubuntu)

🔧 Updating GRUB...
Sourcing file `/etc/default/grub'
Sourcing file `/etc/default/grub.d/xen.cfg'
Generating grub configuration file ...
Found linux image: /boot/vmlinuz-6.8.0-85-generic
Found initrd image: /boot/initrd.img-6.8.0-85-generic
Found linux image: /boot/vmlinuz-6.8.0-85-generic
Found initrd image: /boot/initrd.img-6.8.0-85-generic
Found linux image: /boot/vmlinuz-6.8.0-85-generic
Found initrd image: /boot/initrd.img-6.8.0-85-generic
Found linux image: /boot/vmlinuz-6.8.0-85-generic
Found initrd image: /boot/initrd.img-6.8.0-85-generic
Warning: os-prober will not be executed to detect other bootable partitions.
Systems on them will not be added to the GRUB boot configuration.
Check GRUB_DISABLE_OS_PROBER documentation entry.
Adding boot menu entry for UEFI Firmware Settings ...
done

✓ GRUB configuration updated successfully

========================================
📊 Summary
========================================
✓ GRUB configured to boot regular Ubuntu kernel
✓ Xen will be available but not loaded by default
✓ Log saved to: /home/ubuntu/rt-hypervisor-poc/logs/return_to_linux.log

⚠️  NEXT STEPS:
   1. Reboot the system: sudo reboot
   2. After reboot, verify with: uname -r
   3. Check VT-x available: grep -q vmx /proc/cpuinfo && echo 'VT-x OK' || echo 'VT-x NOT available'
   4. Proceed with ACRN installation (scripts 18-24)

🔄 To switch back to Xen later:
   Run: sudo /home/ubuntu/rt-hypervisor-poc/scripts/09c_set_xen_default.sh

