========================================
VIRTUALIZATION SUPPORT CHECK
========================================
Check Date: 2025-10-25 07:05:51

========================================
CPU VIRTUALIZATION FEATURES
========================================
✓ VT-x (Intel Virtualization Technology) SUPPORTED

✓ EPT (Extended Page Tables) SUPPORTED

✓ VPID (Virtual Processor ID) SUPPORTED

========================================
IOMMU HARDWARE DETECTION
========================================
✓ IOMMU HARDWARE DETECTED
00:0f.0 IOMMU: Intel Corporation Atom processor C2000 RCEC (rev 02)

========================================
IOMMU KERNEL STATUS
========================================
✗ IOMMU NOT ENABLED (no groups found)

========================================
KERNEL MODULES
========================================
KVM modules:
kvm_intel             372736  0
kvm                  1040384  1 kvm_intel

VFIO modules:
  No VFIO modules loaded

========================================
DMESG IOMMU MESSAGES (requires sudo)
========================================
[    0.408194] iommu: Default domain type: Translated 
[    0.408194] iommu: DMA domain TLB invalidation policy: lazy mode 

========================================
SUMMARY
========================================
VT-x Support:           PASS
EPT Support:            PASS
IOMMU Hardware:         PASS
IOMMU Kernel Status:    FAIL

✓ HARDWARE VIRTUALIZATION CAPABLE
⚠ IOMMU needs to be enabled in kernel parameters
