========================================
XEN BOOT DIAGNOSIS LOG
========================================
Date: 2025-10-25 14:09:06

1. GRUB CONFIGURATION
========================================
/etc/default/grub settings:
GRUB_DEFAULT="1"
GRUB_TIMEOUT_STYLE=menu
GRUB_TIMEOUT=30

2. GRUB MENU ENTRIES
========================================
Main menu entries:
     0	menuentry 'Ubuntu' --class ubuntu --class gnu-linux --class gnu --class os $menuentry_id_option 'gnulinux-simple-15710536-1c09-44b9-9dfc-74fda630d8e8' {
     1	menuentry 'Ubuntu GNU/Linux, with Xen hypervisor' --class ubuntu --class gnu-linux --class gnu --class os --class xen $menuentry_id_option 'xen-gnulinux-simple-15710536-1c09-44b9-9dfc-74fda630d8e8' {

Xen entries:
menuentry 'Ubuntu GNU/Linux, with Xen hypervisor' --class ubuntu --class gnu-linux --class gnu --class os --class xen $menuentry_id_option 'xen-gnulinux-simple-15710536-1c09-44b9-9dfc-74fda630d8e8' {
		menuentry 'Ubuntu GNU/Linux, with Xen xen and Linux 5.15.0-160-generic' --class ubuntu --class gnu-linux --class gnu --class os --class xen $menuentry_id_option 'xen-gnulinux-5.15.0-160-generic-advanced-15710536-1c09-44b9-9dfc-74fda630d8e8' {
		menuentry 'Ubuntu GNU/Linux, with Xen xen and Linux 5.15.0-160-generic (recovery mode)' --class ubuntu --class gnu-linux --class gnu --class os --class xen $menuentry_id_option 'xen-gnulinux-5.15.0-160-generic-recovery-15710536-1c09-44b9-9dfc-74fda630d8e8' {
		menuentry 'Ubuntu GNU/Linux, with Xen 4 and Linux 5.15.0-160-generic' --class ubuntu --class gnu-linux --class gnu --class os --class xen $menuentry_id_option 'xen-gnulinux-5.15.0-160-generic-advanced-15710536-1c09-44b9-9dfc-74fda630d8e8' {
		menuentry 'Ubuntu GNU/Linux, with Xen 4 and Linux 5.15.0-160-generic (recovery mode)' --class ubuntu --class gnu-linux --class gnu --class os --class xen $menuentry_id_option 'xen-gnulinux-5.15.0-160-generic-recovery-15710536-1c09-44b9-9dfc-74fda630d8e8' {
		menuentry 'Ubuntu GNU/Linux, with Xen 4.17 and Linux 5.15.0-160-generic' --class ubuntu --class gnu-linux --class gnu --class os --class xen $menuentry_id_option 'xen-gnulinux-5.15.0-160-generic-advanced-15710536-1c09-44b9-9dfc-74fda630d8e8' {
		menuentry 'Ubuntu GNU/Linux, with Xen 4.17 and Linux 5.15.0-160-generic (recovery mode)' --class ubuntu --class gnu-linux --class gnu --class os --class xen $menuentry_id_option 'xen-gnulinux-5.15.0-160-generic-recovery-15710536-1c09-44b9-9dfc-74fda630d8e8' {
		menuentry 'Ubuntu GNU/Linux, with Xen 4.17.4 and Linux 5.15.0-160-generic' --class ubuntu --class gnu-linux --class gnu --class os --class xen $menuentry_id_option 'xen-gnulinux-5.15.0-160-generic-advanced-15710536-1c09-44b9-9dfc-74fda630d8e8' {
		menuentry 'Ubuntu GNU/Linux, with Xen 4.17.4 and Linux 5.15.0-160-generic (recovery mode)' --class ubuntu --class gnu-linux --class gnu --class os --class xen $menuentry_id_option 'xen-gnulinux-5.15.0-160-generic-recovery-15710536-1c09-44b9-9dfc-74fda630d8e8' {
		menuentry 'Ubuntu GNU/Linux, with Xen 4.16-amd64 and Linux 5.15.0-160-generic' --class ubuntu --class gnu-linux --class gnu --class os --class xen $menuentry_id_option 'xen-gnulinux-5.15.0-160-generic-advanced-15710536-1c09-44b9-9dfc-74fda630d8e8' {
		menuentry 'Ubuntu GNU/Linux, with Xen 4.16-amd64 and Linux 5.15.0-160-generic (recovery mode)' --class ubuntu --class gnu-linux --class gnu --class os --class xen $menuentry_id_option 'xen-gnulinux-5.15.0-160-generic-recovery-15710536-1c09-44b9-9dfc-74fda630d8e8' {
		menuentry 'Ubuntu GNU/Linux, with Xen 4.16-amd64.efi and Linux 5.15.0-160-generic' --class ubuntu --class gnu-linux --class gnu --class os --class xen $menuentry_id_option 'xen-gnulinux-5.15.0-160-generic-advanced-15710536-1c09-44b9-9dfc-74fda630d8e8' {
		menuentry 'Ubuntu GNU/Linux, with Xen 4.16-amd64.efi and Linux 5.15.0-160-generic (recovery mode)' --class ubuntu --class gnu-linux --class gnu --class os --class xen $menuentry_id_option 'xen-gnulinux-5.15.0-160-generic-recovery-15710536-1c09-44b9-9dfc-74fda630d8e8' {

3. XEN FILES IN /boot
========================================
-rw-r--r-- 1 root root 2.2K Nov 26  2022 /boot/xen-4.16-amd64.config
-rw-r--r-- 1 root root 2.7M Nov 26  2022 /boot/xen-4.16-amd64.efi
-rw-r--r-- 1 root root 1.2M Nov 26  2022 /boot/xen-4.16-amd64.gz
-rw-r--r-- 1 root root 2.5K Oct 25 13:09 /boot/xen-4.17.4.config
-rw-r--r-- 1 root root 1.2M Oct 25 13:30 /boot/xen-4.17.4.gz
lrwxrwxrwx 1 root root   13 Oct 25 13:30 /boot/xen-4.17.gz -> xen-4.17.4.gz
lrwxrwxrwx 1 root root   13 Oct 25 13:30 /boot/xen-4.gz -> xen-4.17.4.gz
lrwxrwxrwx 1 root root   13 Oct 25 13:30 /boot/xen.gz -> xen-4.17.4.gz

4. CURRENT BOOT STATUS
========================================
Hypervisor directory:
total 0
drwxr-xr-x  6 root root    0 Oct 25 14:05 .
dr-xr-xr-x 13 root root    0 Oct 25 14:05 ..
drwxr-xr-x  2 root root    0 Oct 25 14:09 compilation
-r--r--r--  1 root root 4096 Oct 25 14:09 guest_type
drwxr-xr-x  2 root root    0 Oct 25 14:09 pmu
drwxr-xr-x  2 root root    0 Oct 25 14:05 properties
-r--r--r--  1 root root 4096 Oct 25 14:05 type
-r--r--r--  1 root root 4096 Oct 25 14:09 uuid
drwxr-xr-x  2 root root    0 Oct 25 14:05 version

Kernel command line:
placeholder root=UUID=15710536-1c09-44b9-9dfc-74fda630d8e8 ro intel_iommu=on iommu=pt isolcpus=4-7 nohz_full=4-7 rcu_nocbs=4-7 nosoftlockup nohz=on rcu_nocb_poll idle=poll processor.max_cstate=1 intel_idle.max_cstate=0 intel_pstate=disable tsc=reliable clocksource=tsc

Loaded kernel:
Linux AMS765477 5.15.0-160-generic #170-Ubuntu SMP Wed Oct 1 10:06:56 UTC 2025 x86_64 x86_64 x86_64 GNU/Linux

5. BOOT LOGS (last 50 xen/hypervisor lines)
========================================
[    8.261740] xen: --> pirq=7 -> irq=7 (gsi=7)
[    8.261752] xen: --> pirq=8 -> irq=8 (gsi=8)
[    8.261764] xen: --> pirq=9 -> irq=9 (gsi=9)
[    8.261775] xen: --> pirq=10 -> irq=10 (gsi=10)
[    8.261787] xen: --> pirq=11 -> irq=11 (gsi=11)
[    8.261800] xen: --> pirq=12 -> irq=12 (gsi=12)
[    8.261813] xen: --> pirq=13 -> irq=13 (gsi=13)
[    8.261825] xen: --> pirq=14 -> irq=14 (gsi=14)
[    8.261837] xen: --> pirq=15 -> irq=15 (gsi=15)
[    8.285294] clocksource: xen: mask: 0xffffffffffffffff max_cycles: 0x1cd42e4dffb, max_idle_ns: 881590591483 ns
[    8.285452] Xen: using vcpuop timer interface
[    8.285463] installing Xen timer for CPU 0
[    8.322194] VPMU disabled by hypervisor.
[    8.325712] installing Xen timer for CPU 1
[    8.326816] installing Xen timer for CPU 2
[    8.329905] installing Xen timer for CPU 3
[    8.330578] installing Xen timer for CPU 4
[    8.330849] installing Xen timer for CPU 5
[    8.333980] installing Xen timer for CPU 6
[    8.334486] installing Xen timer for CPU 7
[    8.343859] xen:grant_table: Grant tables using version 1 layout
[    8.400157] xen: registering gsi 9 triggering 0 polarity 0
[    8.505060] xen:balloon: Initialising balloon driver
[    8.573535] xen: registering gsi 8 triggering 1 polarity 0
[    8.575855] xen: registering gsi 4 triggering 1 polarity 0
[    8.576970] xen: registering gsi 3 triggering 1 polarity 0
[    8.611839] xen: registering gsi 23 triggering 0 polarity 1
[    8.611901] xen: --> pirq=23 -> irq=23 (gsi=23)
[    8.655372] xen: registering gsi 16 triggering 0 polarity 1
[    8.655422] xen: --> pirq=16 -> irq=16 (gsi=16)
[    8.656523] xen: registering gsi 16 triggering 0 polarity 1
[    8.657602] xen: registering gsi 20 triggering 0 polarity 1
[    8.657635] xen: --> pirq=20 -> irq=20 (gsi=20)
[    8.661963] xen_mcelog: /dev/mcelog registered by Xen
[    8.664444] xen_acpi_processor: Uploading Xen processor PM info
[    8.722105] xen_netfront: Initialising Xen virtual ethernet driver
[    8.722969] xen: registering gsi 23 triggering 0 polarity 1
[   11.431879] xen: registering gsi 16 triggering 0 polarity 1
[   11.447483] xen: registering gsi 19 triggering 0 polarity 1
[   11.447536] xen: --> pirq=19 -> irq=19 (gsi=19)
[   11.453609] xen: registering gsi 20 triggering 0 polarity 1
[   11.465934] xen: registering gsi 18 triggering 0 polarity 1
[   11.466128] xen: --> pirq=18 -> irq=18 (gsi=18)
[   11.860462] xen: registering gsi 21 triggering 0 polarity 1
[   11.860515] xen: --> pirq=21 -> irq=21 (gsi=21)
[   11.873922] xen: registering gsi 17 triggering 0 polarity 1
[   11.873982] xen: --> pirq=17 -> irq=17 (gsi=17)
[   14.216295] systemd-sysv-generator[425]: Overwriting existing symlink /run/systemd/generator.late/xen.service with real service.
[   15.030661] xen:xen_evtchn: Event-channel device installed
[   15.111178] xen_pciback: backend is vpci

6. JOURNAL LOGS (xen/grub related)
========================================
Oct 25 14:05:35 AMS765477 kernel: xen: registering gsi 18 triggering 0 polarity 1
Oct 25 14:05:35 AMS765477 kernel: xen: --> pirq=18 -> irq=18 (gsi=18)
Oct 25 14:05:35 AMS765477 kernel: xen: registering gsi 21 triggering 0 polarity 1
Oct 25 14:05:35 AMS765477 kernel: xen: --> pirq=21 -> irq=21 (gsi=21)
Oct 25 14:05:35 AMS765477 kernel: xen: registering gsi 17 triggering 0 polarity 1
Oct 25 14:05:35 AMS765477 kernel: xen: --> pirq=17 -> irq=17 (gsi=17)
Oct 25 14:05:35 AMS765477 systemd-sysv-generator[425]: Overwriting existing symlink /run/systemd/generator.late/xen.service with real service.
Oct 25 14:05:35 AMS765477 kernel: xen:xen_evtchn: Event-channel device installed
Oct 25 14:05:35 AMS765477 kernel: xen_pciback: backend is vpci
Oct 25 14:05:35 AMS765477 systemd-modules-load[454]: Inserted module 'xen_evtchn'
Oct 25 14:05:35 AMS765477 systemd-modules-load[454]: Inserted module 'xen_gntdev'
Oct 25 14:05:35 AMS765477 systemd-modules-load[454]: Inserted module 'xen_gntalloc'
Oct 25 14:05:35 AMS765477 systemd-modules-load[454]: Inserted module 'xen_blkback'
Oct 25 14:05:35 AMS765477 systemd-modules-load[454]: Inserted module 'xen_netback'
Oct 25 14:05:35 AMS765477 systemd-modules-load[454]: Inserted module 'xen_pciback'
Oct 25 14:05:35 AMS765477 systemd-modules-load[454]: Failed to find module 'xen-scsibk'
Oct 25 14:05:35 AMS765477 systemd-modules-load[454]: Module 'xen_acpi_processor' is built in
Oct 25 14:05:46 AMS765477 systemd[1]: Starting Record successful boot for GRUB...
Oct 25 14:05:46 AMS765477 systemd[1]: Starting LSB: Xen daemons...
Oct 25 14:05:47 AMS765477 systemd[1]: grub-common.service: Deactivated successfully.
Oct 25 14:05:47 AMS765477 systemd[1]: Finished Record successful boot for GRUB.
Oct 25 14:05:47 AMS765477 systemd[1]: Starting GRUB failed boot detection...
Oct 25 14:05:47 AMS765477 systemd[1]: grub-initrd-fallback.service: Deactivated successfully.
Oct 25 14:05:47 AMS765477 systemd[1]: Finished GRUB failed boot detection.
Oct 25 14:05:47 AMS765477 xen[841]: ERROR:  Can't find version 4.17 of xen utils (maybe xen-utils-4.17 was already removed before rebooting out of Xen 4.17), bailing out!
Oct 25 14:05:47 AMS765477 xen[775]:  * No compatible Xen utils for Xen 4.17
Oct 25 14:05:47 AMS765477 systemd[1]: xen.service: Control process exited, code=exited, status=1/FAILURE
Oct 25 14:05:47 AMS765477 systemd[1]: xen.service: Failed with result 'exit-code'.
Oct 25 14:05:47 AMS765477 systemd[1]: Failed to start LSB: Xen daemons.
Oct 25 14:09:06 AMS765477 sudo[3211]:   ubuntu : TTY=pts/1 ; PWD=/home/ubuntu/HyperVisor_Evaluation/scripts ; USER=root ; COMMAND=./09d_diagnose_xen_boot.sh

7. XEN PACKAGES
========================================
grub-xen-bin 2.06-2ubuntu7.2
grub-xen-host 2.06-2ubuntu7.2
libxencall1:amd64 4.16.0-1~ubuntu2.1
libxendevicemodel1:amd64 4.16.0-1~ubuntu2.1
libxenevtchn1:amd64 4.16.0-1~ubuntu2.1
libxenforeignmemory1:amd64 4.16.0-1~ubuntu2.1
libxengnttab1:amd64 4.16.0-1~ubuntu2.1
libxenhypfs1:amd64 4.16.0-1~ubuntu2.1
libxenmisc4.16:amd64 4.16.0-1~ubuntu2.1
libxenstore4:amd64 4.16.0-1~ubuntu2.1
libxentoolcore1:amd64 4.16.0-1~ubuntu2.1
libxentoollog1:amd64 4.16.0-1~ubuntu2.1
qemu-system-x86-xen 1:6.2+dfsg-2ubuntu6.27
xen-hypervisor-4.16-amd64 4.16.0-1~ubuntu2.1
xen-hypervisor-common 4.16.0-1~ubuntu2.1
xen-tools 4.9.1-1
xen-utils-4.16 4.16.0-1~ubuntu2.1
xen-utils-common 4.16.0-1~ubuntu2.1
xenstore-utils 4.16.0-1~ubuntu2.1

8. GRUB XEN CONFIGURATION
========================================
xen.cfg found:
# When running update-grub with the Xen hypervisor installed, there are
# some additional variables that can be used to pass options to the
# hypervisor or the dom0 kernel.
#
# The configuration in here makes it possible to have different options set
# for the linux kernel when booting with or without Xen.

echo "Including Xen overrides from /etc/default/grub.d/xen.cfg"

#######################################################################
# Xen Hypervisor Command Line Options
#
# The first two options are used to generate arguments for the hypervisor.
# Commonly used options are:
#
# dom0_mem=<size> (for arm)
# dom0_mem=<size>,max:<size> (for x86)
#   Sets the amount of memory dom0 uses to a fixed size. All other memory
#   will be usable for domUs. For x86, this prevents ballooning actions
#   from happening to take away memory from the dom0 or return it back. For
#   arm, setting this option is required. E.g. (for x86) dom0_mem=4G,max:4G
#
# dom0_max_vcpus=<min>-<max>
#   Limits the amount of physical cpus that dom0 is using, so it will not
#   try to be scheduled on all available cpus all the time. Xen will try to
#   provide the maximum value of vcpus, but will also gracefully deal with
#   a situation of hotplugging physical cpus and reduce the number of vcpus
#   instead of oversubscribing the system.  E.g. dom0_max_vcpus=1-4
#
# com[12]=<speed>,<data bits><parity><stopbits>
#   Initialize a serial console for the hypervisor. Note that com1 would be
#   ttyS0 in Linux when running without Xen. E.g. com1=115200,8n1
#
# console=<dev>[,<dev> ...]
#   Specify which console(s) Xen should use. E.g. console=com1,vga
#
# xpti=dom0=<bool>,domu=<bool> (only for x86)
#   Override default selection of whether to isolate 64-bit PV guest page
#   tables. If the dom0 is only used for managing domUs, and no untrusted
#   code is ran inside, xpti for dom0 can be turned off for performance
#   reasons. E.g. xpti=dom0=false,domu=true
#
# noreboot=true
#   Do not automatically reboot after an error. This is useful for catching
#   debug output.
#
# ucode=scan (only for x86)
#   Scan the multiboot images mentioned in grub configuration for an cpio image
#   that contains cpu microcode. This enables loading microcode that is stored
#   in the dom0 initrd.img.
#
# Please also refer to the "Xen Hypervisor Command Line Options"
# documentation for the version of Xen you have installed. This
# documentation can be found at https://xenbits.xen.org/
#
#GRUB_CMDLINE_XEN_DEFAULT=""
#GRUB_CMDLINE_XEN=""

#######################################################################
# Dom0 Kernel Command Line Options
#
# The next options are used for creating kernel arguments for the dom0
# kernel.  This allows to have different options for the same kernel used
# natively or as dom0 kernel.
#
# For example:
#
# earlyprintk=xen
#   Allows to send early printk messages to the Xen hypervisor console
#
# console=hvc0
#   Redirects the Linux console to the hypervisor console.  When running
#   under Xen as dom0, this needs to be specified, because the usual ttyS0
#   will not be available. When viewing the serial console, pressing Ctrl-A
#   three times will switch between the Linux dom0 and the Xen Hypervisor.
#
#GRUB_CMDLINE_LINUX_XEN_REPLACE_DEFAULT="$GRUB_CMDLINE_LINUX_DEFAULT"
#GRUB_CMDLINE_LINUX_XEN_REPLACE="$GRUB_CMDLINE_LINUX"

# Make booting into Xen the default.  Set the following variable to 0 or 1
# explicitly to avoid the message warning from being printed.
#
#XEN_OVERRIDE_GRUB_DEFAULT=
#
if [ "$XEN_OVERRIDE_GRUB_DEFAULT" = "" ]; then
	echo "WARNING: GRUB_DEFAULT changed to boot into Xen by default!"
	echo "         Edit /etc/default/grub.d/xen.cfg to avoid this warning."
	XEN_OVERRIDE_GRUB_DEFAULT=1
fi
if [ "$XEN_OVERRIDE_GRUB_DEFAULT" = "1" ]; then
	GRUB_DEFAULT=$( \
		printf "$(gettext "%s, with Xen hypervisor")" \
		"$GRUB_DISTRIBUTOR GNU/Linux")
fi

9. ANALYSIS
========================================
✓ Xen entries exist in GRUB

GRUB_DEFAULT is set to: 1

✓ /sys/hypervisor exists and has content
  But xl info still fails - check Xen modules

10. RECOMMENDED ACTIONS
========================================
Xen entries exist. Checking boot configuration...
❌ First entry is NOT Xen
   First entry: menuentry 'Ubuntu' --class ubuntu --class gnu-linux --class gnu --class os $menuentry_id_option 'gnulinux-simple-15710536-1c09-44b9-9dfc-74fda630d8e8' {

Fix:
  sudo ./09c_set_xen_default.sh
  sudo reboot

11. MANUAL GRUB CHECK
========================================
To manually check GRUB entries with indices:
     1	menuentry 'Ubuntu GNU/Linux, with Xen hypervisor' --class ubuntu --class gnu-linux --class gnu --class os --class xen $menuentry_id_option 'xen-gnulinux-simple-15710536-1c09-44b9-9dfc-74fda630d8e8' {

