========================================
XEN HYPERVISOR VERIFICATION
========================================
Verification Date: 2025-10-17 17:26:16
Hostname: AMS764973

========================================
XEN INSTALLATION CHECK
========================================
Installed Xen packages:
ii  grub-xen-bin                         2.12-1ubuntu7.3                         amd64        GRand Unified Bootloader, version 2 (Xen modules)
ii  grub-xen-host                        2.12-1ubuntu7.3                         amd64        GRand Unified Bootloader, version 2 (Xen host version)
ii  libxencall1t64:amd64                 4.17.3+10-g091466ba55-1.1ubuntu3        amd64        Xen runtime library - libxencall
ii  libxendevicemodel1t64:amd64          4.17.3+10-g091466ba55-1.1ubuntu3        amd64        Xen runtime libraries - libxendevicemodel
ii  libxenevtchn1t64:amd64               4.17.3+10-g091466ba55-1.1ubuntu3        amd64        Xen runtime libraries - libxenevtchn
ii  libxenforeignmemory1t64:amd64        4.17.3+10-g091466ba55-1.1ubuntu3        amd64        Xen runtime libraries - libxenforeignmemory
ii  libxengnttab1t64:amd64               4.17.3+10-g091466ba55-1.1ubuntu3        amd64        Xen runtime libraries - libxengnttab
ii  libxenhypfs1t64:amd64                4.17.3+10-g091466ba55-1.1ubuntu3        amd64        Xen runtime library - libxenhypfs
ii  libxenmisc4.17t64:amd64              4.17.3+10-g091466ba55-1.1ubuntu3        amd64        Xen runtime libraries - miscellaneous, versioned ABI
ii  libxenstore4t64:amd64                4.17.3+10-g091466ba55-1.1ubuntu3        amd64        Xen runtime libraries - libxenstore
ii  libxentoolcore1t64:amd64             4.17.3+10-g091466ba55-1.1ubuntu3        amd64        Xen runtime libraries - libxentoolcore
ii  libxentoollog1t64:amd64              4.17.3+10-g091466ba55-1.1ubuntu3        amd64        Xen runtime libraries - libxentoollog
ii  qemu-system-xen                      1:8.2.2+ds-0ubuntu1.10                  amd64        QEMU full system emulation (Xen helper package)
ii  xen-hypervisor-4.17-amd64            4.17.3+10-g091466ba55-1.1ubuntu3        amd64        Xen Hypervisor on AMD64
ii  xen-hypervisor-common                4.17.3+10-g091466ba55-1.1ubuntu3        amd64        Xen Hypervisor - common files
ii  xen-tools                            4.9.2-1                                 all          Tools to manage Xen virtual servers
ii  xen-utils-4.17                       4.17.3+10-g091466ba55-1.1ubuntu3        amd64        Xen administrative tools
ii  xen-utils-common                     4.17.3+10-g091466ba55-1.1ubuntu3        amd64        Xen administrative tools - common files
ii  xenstore-utils                       4.17.3+10-g091466ba55-1.1ubuntu3        amd64        Xenstore command line utilities for Xen

========================================
XEN HYPERVISOR STATUS
========================================
✓ xl command found

Attempting to get Xen info...
✓ Xen hypervisor is RUNNING

host                   : AMS764973
release                : 6.8.0-85-generic
version                : #85-Ubuntu SMP PREEMPT_DYNAMIC Thu Sep 18 15:26:59 UTC 2025
machine                : x86_64
nr_cpus                : 8
max_cpu_id             : 7
nr_nodes               : 1
cores_per_socket       : 8
threads_per_core       : 1
cpu_mhz                : 2393.905
hw_caps                : bfebfbff:43d8e3bf:28100800:00000101:00000000:00002282:00000000:00000100
virt_caps              : pv hvm hap shadow gnttab-v1 gnttab-v2
total_memory           : 16346
free_memory            : 12283
sharing_freed_memory   : 0
sharing_used_memory    : 0
outstanding_claims     : 0
free_cpus              : 0
xen_major              : 4
xen_minor              : 17
xen_extra              : .4-pre
xen_version            : 4.17.4-pre
xen_caps               : xen-3.0-x86_64 hvm-3.0-x86_32 hvm-3.0-x86_32p hvm-3.0-x86_64 
xen_scheduler          : credit2
xen_pagesize           : 4096
platform_params        : virt_start=0xffff800000000000
xen_changeset          : 
xen_commandline        : sched=rtds dom0_max_vcpus=4 dom0_vcpus_pin=0-3 dom0_mem=3899M,max:3899M
cc_compiler            : x86_64-linux-gnu-gcc (Ubuntu 13.2.0-23ubuntu3) 13.2.0
cc_compile_by          : ubuntu-devel-di
cc_compile_domain      : lists.ubuntu.com
cc_compile_date        : Mon Apr  1 04:46:35 UTC 2024
build_id               : a85cbf6c3a3046811b35170e96371bd8dca39e7d
xend_config_format     : 4


========================================
XEN VERSION
========================================
/usr/lib/xen-4.17/bin/xl: invalid option -- '-'
unknown global option
Cannot get Xen version

========================================
XEN SCHEDULER
========================================
xen_scheduler          : credit2
xen_commandline        : sched=rtds dom0_max_vcpus=4 dom0_vcpus_pin=0-3 dom0_mem=3899M,max:3899M

Current scheduler: 
✓ RT Deferrable Server (RTDS) scheduler is active

========================================
DOM0 CONFIGURATION
========================================
Domain-0 information:
Name                                        ID   Mem VCPUs	State	Time(s)
Domain-0                                     0  3899     4     r-----    8246.6

Dom0 vCPU configuration:
Name                                ID  VCPU   CPU State   Time(s) Affinity (Hard / Soft)
Domain-0                             0     0    5   r--    2063.1  all / all
Domain-0                             0     1    1   r--    2061.2  all / all
Domain-0                             0     2    6   r--    2061.2  all / all
Domain-0                             0     3    2   r--    2061.2  all / all

========================================
XEN DMESG (last 50 lines)
========================================
(XEN)   XPTI (64-bit PV only): Dom0 enabled, DomU enabled (without PCID)
(XEN)   PV L1TF shadowing: Dom0 disabled, DomU disabled
(XEN) Could not find scheduler: rtds
(XEN) Using 'SMP Credit Scheduler rev2' (credit2)
(XEN) Using scheduler: SMP Credit Scheduler rev2 (credit2)
(XEN) Initializing Credit2 scheduler
(XEN) Platform timer is 14.318MHz HPET
(XEN) Detected 2393.905 MHz processor.
(XEN) I/O virtualisation disabled
(XEN) Enabling APIC mode.  Using 1 I/O APICs
(XEN) ENABLING IO-APIC IRQs
(XEN)  -> Using new ACK method
(XEN) Allocated console ring of 16 KiB.
(XEN) VMX: Supported advanced features:
(XEN)  - APIC MMIO access virtualisation
(XEN)  - APIC TPR shadow
(XEN)  - Extended Page Tables (EPT)
(XEN)  - Virtual-Processor Identifiers (VPID)
(XEN)  - Virtual NMI
(XEN)  - MSR direct-access bitmap
(XEN)  - Unrestricted Guest
(XEN)  - VM Functions
(XEN) HVM: ASIDs enabled.
(XEN) HVM: VMX enabled
(XEN) HVM: Hardware Assisted Paging (HAP) detected
(XEN) HVM: HAP page sizes: 4kB, 2MB
(XEN) Brought up 8 CPUs
(XEN) Scheduling granularity: cpu, 1 CPU per sched-resource
(XEN) Initializing Credit2 scheduler
(XEN) Dom0 has maximum 856 PIRQs
(XEN)  Xen  kernel: 64-bit, lsb
(XEN)  Dom0 kernel: 64-bit, PAE, lsb, paddr 0x1000000 -> 0x4a00000
(XEN) PHYSICAL MEMORY ARRANGEMENT:
(XEN)  Dom0 alloc.:   0000000460000000->0000000468000000 (947147 pages to be allocated)
(XEN)  Init. ramdisk: 000000047b8cb000->000000047ffff0e8
(XEN) VIRTUAL MEMORY ARRANGEMENT:
(XEN)  Loaded kernel: ffffffff81000000->ffffffff84a00000
(XEN)  Phys-Mach map: 0000008000000000->000000800079d800
(XEN)  Start info:    ffffffff84a00000->ffffffff84a004b8
(XEN)  Page tables:   ffffffff84a01000->ffffffff84a2a000
(XEN)  Boot stack:    ffffffff84a2a000->ffffffff84a2b000
(XEN)  TOTAL:         ffffffff80000000->ffffffff84c00000
(XEN)  ENTRY ADDRESS: ffffffff83ac6ce0
(XEN) Dom0 has maximum 4 VCPUs
(XEN) Initial low memory virq threshold set at 0x4000 pages.
(XEN) Scrubbing Free RAM in background
(XEN) Std. Loglevel: Errors and warnings
(XEN) Guest Loglevel: Nothing (Rate-limited: Errors and warnings)
(XEN) *** Serial input to DOM0 (type 'CTRL-a' three times to switch input)
(XEN) Freed 636kB init memory

========================================
GRUB BOOT MENU
========================================
Checking for Xen entries in GRUB...
menuentry 'Xen Hypervisor RT (First Boot)' {
menuentry 'Ubuntu GNU/Linux, with Xen xen and Linux 6.8.0-85-generic' --class ubuntu --class gnu-linux --class gnu --class os --class xen $menuentry_id_option 'xen-gnulinux-6.8.0-85-generic-advanced-71585093-3411-406f-9bcf-dbbec33a3b2c' {
menuentry 'Ubuntu GNU/Linux, with Xen xen and Linux 6.8.0-85-generic (recovery mode)' --class ubuntu --class gnu-linux --class gnu --class os --class xen $menuentry_id_option 'xen-gnulinux-6.8.0-85-generic-recovery-71585093-3411-406f-9bcf-dbbec33a3b2c' {
menuentry 'Ubuntu GNU/Linux, with Xen 4.17-amd64 and Linux 6.8.0-85-generic' --class ubuntu --class gnu-linux --class gnu --class os --class xen $menuentry_id_option 'xen-gnulinux-6.8.0-85-generic-advanced-71585093-3411-406f-9bcf-dbbec33a3b2c' {
menuentry 'Ubuntu GNU/Linux, with Xen 4.17-amd64 and Linux 6.8.0-85-generic (recovery mode)' --class ubuntu --class gnu-linux --class gnu --class os --class xen $menuentry_id_option 'xen-gnulinux-6.8.0-85-generic-recovery-71585093-3411-406f-9bcf-dbbec33a3b2c' {

========================================
XEN CONFIGURATION FILES
========================================
✓ /etc/xen directory exists

Contents:
total 44
drwxr-xr-x   3 root root  4096 Oct 17 13:36 .
drwxr-xr-x 125 root root 12288 Oct 17 13:23 ..
-rw-r--r--   1 root root  3073 Apr  1  2024 oxenstored.conf
drwxr-xr-x   2 root root  4096 Oct 17 13:23 scripts
-rw-r--r--   1 root root  1619 Oct 17 13:36 xen_rt.cfg.20251017_133609
-rw-r--r--   1 root root  1602 Feb  2  2024 xl.conf
-rw-r--r--   1 root root  1386 Feb  2  2024 xlexample.hvm
-rw-r--r--   1 root root  1145 Feb  2  2024 xlexample.pvhlinux
-rw-r--r--   1 root root  1250 Feb  2  2024 xlexample.pvlinux

xl.conf contents:
## Global XL config file ##

# Set domain-id policy. "xen" means that the hypervisor will choose the
# id of a new domain. "random" means that a random value will be chosen.
#domid_policy="xen"

# Control whether dom0 is ballooned down when xen doesn't have enough
# free memory to create a domain.  "auto" means only balloon if dom0
# starts with all the host's memory.
#autoballoon="auto"

# full path of the lockfile used by xl during domain creation
#lockfile="/var/lock/xl"

# default output format used by "xl list -l"
#output_format="json"

# first block device to be used for temporary VM disk mounts
#blkdev_start="xvda"

# default option to run hotplug scripts from xl
# if disabled the old behaviour will be used, and hotplug scripts will be
# launched by udev.
#run_hotplug_scripts=1

# default backend domain to connect guest vifs to.  This can be any
# valid domain identifier.
#vif.default.backend="0"

# default gateway device to use with vif-route hotplug script
#vif.default.gatewaydev="eth0"

# default vif script to use if none is specified in the guest config
#vif.default.script="vif-bridge"

# default bridge device to use with vif-bridge hotplug scripts
#vif.default.bridge="xenbr0"

# Reserve a claim of memory when launching a guest. This guarantees immediate
# feedback whether the guest can be launched due to memory exhaustion
# (which can take a long time to find out if launching huge guests).
# see xl.conf(5) for details.
#claim_mode=1

# Specify global vcpu hard affinity masks. See xl.conf(5) for details.
#vm.cpumask="0-7"
#vm.pv.cpumask="0-3"
#vm.hvm.cpumask="3-7"


========================================
XEN CPU POOLS (for CPU partitioning)
========================================
Name               CPUs   Sched     Active   Domain count
Pool-0               8   credit2       y          1

========================================
VERIFICATION SUMMARY
========================================
✓ CHECK: xl tool installed
